// Jest Snapshot v1, https://goo.gl/fbAQLP

exports[`Locate me button is renderer 1`] = `
<div
  className="btn btn-blue w-16 h-16 bg-blue-500 rounded-full flex flex-col justify-center items-center"
/>
`;
